                       from_name                        |                        to_name                         
--------------------------------------------------------+--------------------------------------------------------
 DEMOCRATIC CONGRESSIONAL CAMPAIGN COMMITTEE            | ARIZONA STATE DEMOCRATIC CENTRAL EXECUTIVE COMMITTEE
 DEMOCRATIC PARTY OF ARKANSAS                           | DEMOCRATIC SENATORIAL CAMPAIGN COMMITTEE
 DEMOCRATIC PARTY OF VIRGINIA                           | DNC SERVICES CORPORATION/DEMOCRATIC NATIONAL COMMITTEE
 DEMOCRATIC SENATORIAL CAMPAIGN COMMITTEE               | DEMOCRATIC PARTY OF ARKANSAS
 DNC SERVICES CORPORATION/DEMOCRATIC NATIONAL COMMITTEE | DEMOCRATIC PARTY OF VIRGINIA
 DNC SERVICES CORPORATION/DEMOCRATIC NATIONAL COMMITTEE | DEMOCRATIC STATE CENTRAL COMMITTEE OF MARYLAND
 DNC SERVICES CORPORATION/DEMOCRATIC NATIONAL COMMITTEE | NEVADA STATE DEMOCRATIC PARTY
 DNC SERVICES CORPORATION/DEMOCRATIC NATIONAL COMMITTEE | NEW JERSEY DEMOCRATIC STATE COMMITTEE
 MICHIGAN DEMOCRATIC STATE CENTRAL COMMITEE             | PHILIP A. HART DEMOCRATIC CLUB
 NEW JERSEY DEMOCRATIC STATE COMMITTEE                  | DNC SERVICES CORPORATION/DEMOCRATIC NATIONAL COMMITTEE
(10 rows)

