    id     
-----------
 H0AL02087
 H0AL05163
 H0AL07086
 H0AR01083
 H0AR02107
 H0AZ01259
 H0AZ01325
 H0CA00108
 H0CA03078
 H0CA10073
 H0CA10149
 H0CA15148
 H0CA19173
 H0CA27085
 H0CA33117
 H0CA48024
 H0CA49055
 H0CO04122
 H0CT03072
 H0DC00058
 H0DE01017
 H0FL02110
 H0FL04066
 H0FL05139
 H0FL08208
 H0FL12101
 H0FL17068
 H0FL18025
 H0GA07125
 H0GA07133
 H0GA08099
 H0GA09030
 H0ID01253
 H0IL05096
 H0IL10302
 H0IL11052
 H0IL14080
 H0IL17059
 H0IN02125
 H0IN02190
 H0IN03198
 H0IN08114
 H0IN09070
 H0KS03137
 H0KS04051
 H0KY05015
 H0KY06104
 H0LA01079
 H0LA01087
 H0LA08017
 H0MI01088
 H0MI02094
 H0MI03126
 H0MI08042
 H0MI10071
 H0MI13398
 H0MN04049
 H0MO01066
 H0MO04086
 H0MO06073
 H0MO07113
 H0MS01043
 H0MS04120
 H0NC02059
 H0ND01026
 H0NH01217
 H0NH02181
 H0NJ01066
 H0NJ03153
 H0NV03058
 H0NY02085
 H0NY13074
 H0NY19139
 H0NY20095
 H0NY29054
 H0OH06189
 H0OH08029
 H0OH12062
 H0OH16097
 H0OH18077
 H0OK05114
 H0PA03271
 H0PA04220
 H0PA06076
 H0PA07082
 H0PA10078
 H0RI01073
 H0SC04257
 H0SC05031
 H0SD00054
 H0TN03254
 H0TN04195
 H0TN06240
 H0TN06257
 H0TN08246
 H0TX04037
 H0TX07055
 H0TX17104
 H0TX23086
 H0TX27061
 H0UT02096
 H0VA02084
 H0VA05095
 H0VA07042
 H0VA08040
 H0WA02080
 H0WA03161
 H0WA03187
 H0WA08046
 H0WI06061
 H0WI07051
 H0WI08075
 H0WV01072
 H0WV02138
 H2AL01077
 H2AL03032
 H2AL06035
 H2AR04083
 H2AZ02055
 H2AZ07070
 H2AZ08094
 H2AZ08102
 H2AZ09019
 H2AZ09035
 H2CA00104
 H2CA00120
 H2CA02142
 H2CA06259
 H2CA08164
 H2CA15094
 H2CA20094
 H2CA25036
 H2CA26109
 H2CA30143
 H2CA31125
 H2CA33048
 H2CA35118
 H2CA36439
 H2CA37023
 H2CA39078
 H2CA43245
 H2CA50026
 H2CA52089
 H2CO00019
 H2CT02112
 H2CT05131
 H2FL00292
 H2FL01100
 H2FL03056
 H2FL08055
 H2FL10150
 H2FL14053
 H2FL14194
 H2FL22072
 H2FL23021
 H2FL25018
 H2GA01157
 H2GA02031
 H2GA09150
 H2GA12121
 H2GA13012
 H2GU00033
 H2HI02508
 H2IA01055
 H2IL02172
 H2IL10068
 H2IL12122
 H2IL13120
 H2IL17071
 H2IL20042
 H2IN05082
 H2KY04121
 H2LA05084
 H2MA00014
 H2MA04073
 H2MD02160
 H2MD05155
 H2MD06179
 H2MD08126
 H2ME02097
 H2MI17023
 H2MN02122
 H2MN07014
 H2MN08111
 H2MO02102
 H2MO02136
 H2MT01060
 H2NC01081
 H2NC07096
 H2NC08185
 H2NC13110
 H2NJ02037
 H2NJ05014
 H2NJ10154
 H2NV02395
 H2NV04011
 H2NY01067
 H2NY06116
 H2NY10092
 H2NY22139
 H2OH03067
 H2OH03125
 H2OH09031
 H2OH14064
 H2OH17109
 H2OK01143
 H2OK02083
 H2OK04055
 H2PA02055
 H2PA06114
 H2PA09035
 H2PA11098
 H2PA18143
 H2SC02042
 H2SC02059
 H2TN05131
 H2TN06030
 H2TX03126
 H2TX05121
 H2TX14149
 H2TX23082
 H2TX23124
 H2TX26093
 H2TX27190
 H2TX29030
 H2TX31044
 H2TX33040
 H2TX33073
 H2TX35011
 H2UT01094
 H2UT02324
 H2UT04023
 H2VA04052
 H2VA06115
 H2WA04041
 H2WA06129
 H2WI02124
 H2WV01037
 H4AL01123
 H4AL06072
 H4AL06080
 H4AL06098
 H4AR04048
 H4AR04063
 H4AZ01038
 H4AZ07043
 H4CA07055
 H4CA10075
 H4CA16049
 H4CA17021
 H4CA20082
 H4CA21072
 H4CA23011
 H4CA30081
 H4CA33119
 H4CA33168
 H4CA36120
 H4CA45097
 H4CA52051
 H4CA52069
 H4CO04090
 H4CO06087
 H4CO07036
 H4FL02062
 H4FL08077
 H4FL13093
 H4FL13101
 H4FL20023
 H4FL26038
 H4GA01039
 H4GA01054
 H4GA06087
 H4GA08067
 H4GA11061
 H4GA12010
 H4HI01134
 H4IA01069
 H4IA03065
 H4IA03081
 H4IA03115
 H4IA05102
 H4ID02063
 H4IL03077
 H4IL07037
 H4IL08126
 H4IL13175
 H4IN01012
 H4IN02101
 H4KY01040
 H4LA05064
 H4LA05130
 H4LA05148
 H4LA05197
 H4LA05221
 H4LA05247
 H4LA06112
 H4LA06153
 H4LA07029
 H4MA03022
 H4MA05084
 H4MA06033
 H4ME02200
 H4ME02218
 H4MI05149
 H4MI06105
 H4MI08135
 H4MI11097
 H4MI12079
 H4MI14158
 H4MN06087
 H4MN07077
 H4MO05234
 H4MO08162
 H4MS01078
 H4MS02068
 H4MT00068
 H4MT01041
 H4NC02127
 H4NC05146
 H4NC06011
 H4NC06086
 H4NC10047
 H4NE01064
 H4NE02054
 H4NH02241
 H4NJ01084
 H4NJ02140
 H4NJ03106
 H4NJ03130
 H4NJ12149
 H4NM02072
 H4NV03084
 H4NV04017
 H4NY11138
 H4NY21079
 H4NY24073
 H4OK05132
 H4OK06056
 H4OR05239
 H4PA08074
 H4PA09056
 H4PA13124
 H4PA13181
 H4PA13199
 H4PA15087
 H4PA18131
 H4SC01073
 H4TX02108
 H4TX04039
 H4TX04153
 H4TX06117
 H4TX09095
 H4TX10028
 H4TX10093
 H4TX13014
 H4TX18054
 H4TX19102
 H4TX19136
 H4TX28046
 H4TX31040
 H4UT04011
 H4VA07143
 H4VA08224
 H4VA10071
 H4VA10089
 H4VI00054
 H4VI00146
 H4WA04104
 H4WA05077
 H4WA08071
 H4WI04183
 H4WV02072
 H4WV02080
 H4WV03070
 H6AK00045
 H6AL04098
 H6CA05195
 H6CA07043
 H6CA22125
 H6CA24048
 H6CA24113
 H6CA39020
 H6CA46033
 H6CO01141
 H6CO03139
 H6CO05159
 H6CO07023
 H6CT05124
 H6FL06035
 H6FL09070
 H6FL11126
 H6FL13148
 H6GA04129
 H6GA05217
 H6IA01098
 H6IA02146
 H6IL06117
 H6IL06141
 H6KS01096
 H6KS01146
 H6KY03124
 H6MA07101
 H6MD07160
 H6MI01028
 H6MI04113
 H6MI12181
 H6MN05183
 H6MO07128
 H6NC04037
 H6NE03115
 H6NJ08118
 H6NJ12136
 H6NJ12144
 H6NJ13191
 H6NV02164
 H6NY04112
 H6NY19029
 H6NY25125
 H6OH04082
 H6OR02116
 H6OR03064
 H6OR04047
 H6PA09093
 H6PA16197
 H6SD00085
 H6TN01388
 H6TX02079
 H6TX08100
 H6TX12060
 H6TX15055
 H6TX21012
 H6TX22143
 H6VA01117
 H6VA10050
 H6VT00160
 H6WA09025
 H6WI03099
 H6WV04057
 H8AZ01104
 H8CA01109
 H8CA03105
 H8CA04152
 H8CA05035
 H8CA09060
 H8CA12098
 H8CA12171
 H8CA20059
 H8CA22089
 H8CA34068
 H8CA36097
 H8CA52052
 H8CO02087
 H8CO02137
 H8CO06138
 H8CT01046
 H8CT04172
 H8FL15107
 H8FL16022
 H8FL25015
 H8ID02064
 H8IL09067
 H8IL14067
 H8IL18043
 H8IL21021
 H8IN07184
 H8KS02090
 H8KY02031
 H8LA00017
 H8LA02054
 H8LA04225
 H8MA02041
 H8MN03077
 H8MN06047
 H8MO09153
 H8MP00041
 H8MS03067
 H8NC07044
 H8NE02139
 H8NJ03073
 H8NJ04014
 H8NJ05052
 H8NM01224
 H8NM01257
 H8NM03196
 H8NV03036
 H8NY01148
 H8NY06048
 H8NY07046
 H8NY19058
 H8NY20056
 H8NY21203
 H8NY24066
 H8NY29032
 H8OH01043
 H8OH05036
 H8OH11141
 H8OH15076
 H8OK04052
 H8OR05107
 H8TN02069
 H8TX22107
 H8UT03089
 H8VA01147
 H8VA11062
 H8WA07132
 H8WI00018
 H8WI01024
 H8WY00148
 S0AR00028
 S0AR00150
 S0CA00199
 S0CO00211
 S0CT00177
 S0DE00092
 S0FL00338
 S0IA00028
 S0IL00261
 S0IN00053
 S0KS00091
 S0KY00156
 S0MO00183
 S0ND00093
 S0NH00219
 S0NH00235
 S0NY00410
 S0OH00133
 S0PA00434
 S0SC00149
 S0UT00165
 S0WI00197
 S0WV00090
 S2AZ00141
 S2CA00286
 S2CT00132
 S2GA00118
 S2HI00106
 S2IL00119
 S2IN00091
 S2KY00012
 S2ME00109
 S2MT00096
 S2ND00099
 S2NE00094
 S2NM00088
 S2NV00183
 S2OH00170
 S2SD00068
 S2TN00058
 S2TX00106
 S2TX00312
 S2VA00142
 S2WA00189
 S2WI00219
 S4AK00099
 S4AK00214
 S4AR00103
 S4CA00241
 S4CO00395
 S4GA11210
 S4GA11277
 S4GA11285
 S4HI00136
 S4HI00144
 S4IA00087
 S4IA00095
 S4IA00129
 S4KS00127
 S4KY00091
 S4KY00109
 S4LA00057
 S4LA00107
 S4LA00115
 S4MA00028
 S4MA00184
 S4ME00071
 S4MI00355
 S4MI00363
 S4MN00346
 S4MS00120
 S4MT00118
 S4NC00089
 S4NC00162
 S4NE00074
 S4NE00090
 S4NH00120
 S4NJ00185
 S4OK00083
 S4OK00232
 S4OK00257
 S4OR00198
 S4PA00121
 S4SC00083
 S4SC00240
 S4SC00364
 S4SD00049
 S4SD00056
 S4VA00155
 S4VT00017
 S4WV00027
 S4WV00159
 S4WV00183
 S6AL00013
 S6AL00195
 S6AZ00019
 S6GA00101
 S6GA00119
 S6IL00151
 S6KS00080
 S6LA00227
 S6MD00140
 S6MD03177
 S6ME00159
 S6MN00267
 S6MO00305
 S6MT00162
 S6NJ00263
 S6NJ00289
 S6NV00028
 S6OH00163
 S6OR00110
 S6PA00217
 S6RI00163
 S6RI00221
 S6SD00051
 S6TN00216
 S6UT00063
 S6VA00093
 S6WY00068
 S6WY00126
 S8AK00090
 S8CO00172
 S8DE00079
 S8FL00166
 S8ID00027
 S8ID00092
 S8MI00281
 S8MN00438
 S8MS00055
 S8MS00196
 S8MT00010
 S8NC00239
 S8NE00117
 S8NM00184
 S8NY00082
 S8OR00207
(645 rows)

